3FR
3G2
3GP
AAI
AI
APNG
ART
ARW
ASHLAR
AVCI
AVI
AVIF
AVS
BAYER
BAYERA
BGR
BGRA
BGRO
BMP
BMP2
BMP3
BRF
CAL
Specified
CALS
Specified
CANVAS
CAPTION
CIN
CIP
CLIP
CMYK
CMYKA
CR2
CR3
CRW
CUBE
CUR
CUT
DATA
DCM
DICOM
specification,
(DICOM)",
see
and
DCR
DCRAW
DCX
DDS
DFONT
DNG
DOT
DPX
Digital
See

DXT1
DXT5
EPDF
EPI
EPS
EPS2
EPS3
EPSF
EPSI
EPT
EPT2
EPT3
ERF
EXR
FARBFELD
FAX
FAX
they
FAX
resized

FF
FFF
FILE
FITS
FL32
FLV
FRACTAL
FTP
FTS
FTXT
G3
G4
GIF
GIF87
GRADIENT
GRAY
GRAYA
GROUP4
Compression
GV
HALD
HDR
HEIC
HEIF
HISTOGRAM
HRZ
HTM
HTML
HTTP
HTTPS
ICB
ICO
ICON
IIQ
INFO
INLINE
IPL
ISOBRL
ISOBRL6
J2C
J2K
JNG
See
format.
JNX
JP2
JPC
JPE
JPEG
JPG
JPM
JPS
JPT
JSON
JXL
K25
KDC
KERNEL
LABEL
M2V
M4V
MAC
MAP
MASK
MAT
MATTE
MDC
MEF
MIFF
MKV
MNG
See
format.
MONO
MOS
MOV
MP4
MPC
MPEG
MPG
MPO
MRW
MSL
MSVG
MTV
MVG
NEF
NRW
NULL
ORA
ORF
OTB
OTF
PAL
PALM
PAM
PANGO
PATTERN
PBM
PCD
PCDS
PCL
PCT
PCX
PDB
PDF
PDFA
PEF
PES
PFA
PFB
PFM
PGM
PGX
PHM
PICON
PICT
PIX
PJPEG
PLASMA
PNG
See
PNG00
PNG24
PNG32
PNG48
PNG64
PNG8
PNM
POCKETMOD
PPM
PS
PS2
PS3
PSB
PSD
PTIF
Compression
PWP
QOI
RADIAL-GRADIENT
RAF
RAS
RAW
RGB
RGB565
RGBA
RGBO
RGF
RLA
RLE
RMF
RW2
RWL
SCR
SCT
SFW
SGI
SHTML
SIX
SIXEL
SPARSE-COLOR
SR2
SRF
SRW
STEGANO
STI
STRIMG
SUN
SVG
SVGZ
TEXT
TGA
THUMBNAIL
TIFF
Compression
TIFF64
Compression
TILE
TIM
TM2
TTC
TTF
TXT
UBRL
UBRL6
UIL
UYVY
VDA
VICAR
VID
VIFF
VIPS
VST
WBMP
WEBM
WEBP
WMV
WPG
X3F
XBM
XC
XCF
XPM
XPS
XV
YAML
YCBCR
YCBCRA
YUV
